[2026-04-29 11:55:53] INFO  main.go:30 → client a conn open
[2026-04-29 11:55:53] INFO  main.go:15 → server conn open
[2026-04-29 11:55:55] INFO  main.go:18 → server conn msg 1,[104 101 108 108 111]
[2026-04-29 11:55:56] INFO  main.go:18 → server conn msg 1,[104 101 108 108 111]
[2026-04-29 11:55:57] INFO  main.go:18 → server conn msg 1,[104 101 108 108 111]
[2026-04-29 11:55:58] INFO  main.go:18 → server conn msg 1,[104 101 108 108 111]
[2026-04-29 11:55:59] INFO  main.go:18 → server conn msg 1,[104 101 108 108 111]
[2026-04-29 11:56:00] INFO  main.go:18 → server conn msg 1,[104 101 108 108 111]
[2026-04-29 11:56:01] INFO  main.go:18 → server conn msg 1,[104 101 108 108 111]
[2026-04-29 11:56:02] INFO  main.go:18 → server conn msg 1,[104 101 108 108 111]
[2026-04-29 11:56:03] INFO  main.go:18 → server conn msg 1,[104 101 108 108 111]
[2026-04-29 11:56:04] INFO  main.go:18 → server conn msg 1,[104 101 108 108 111]
[2026-04-29 13:36:55] INFO  main.go:15 → server conn open
[2026-04-29 13:36:55] INFO  main.go:30 → client a conn open
[2026-04-29 13:36:56] INFO  main.go:18 → server conn msg 1,[104 101 108 108 111]
[2026-04-29 13:36:57] INFO  main.go:18 → server conn msg 1,[104 101 108 108 111]
[2026-04-29 13:36:58] INFO  main.go:18 → server conn msg 1,[104 101 108 108 111]
[2026-04-29 13:36:59] INFO  main.go:18 → server conn msg 1,[104 101 108 108 111]
[2026-04-29 13:37:00] INFO  main.go:18 → server conn msg 1,[104 101 108 108 111]
[2026-04-29 13:37:01] INFO  main.go:18 → server conn msg 1,[104 101 108 108 111]
[2026-04-29 13:37:02] INFO  main.go:18 → server conn msg 1,[104 101 108 108 111]
[2026-04-29 13:37:03] INFO  main.go:18 → server conn msg 1,[104 101 108 108 111]
[2026-04-29 13:37:04] INFO  main.go:18 → server conn msg 1,[104 101 108 108 111]
[2026-04-29 13:37:05] INFO  main.go:18 → server conn msg 1,[104 101 108 108 111]
[2026-04-29 13:49:12] INFO  main.go:15 → server conn open
[2026-04-29 13:49:12] INFO  main.go:30 → client a conn open
[2026-04-29 13:49:13] INFO  main.go:18 → server conn msg 1,[104 101 108 108 111]
[2026-04-29 13:49:14] INFO  main.go:18 → server conn msg 1,[104 101 108 108 111]
[2026-04-29 13:49:15] INFO  main.go:18 → server conn msg 1,[104 101 108 108 111]
[2026-04-29 13:49:16] INFO  main.go:18 → server conn msg 1,[104 101 108 108 111]
[2026-04-29 13:49:17] INFO  main.go:18 → server conn msg 1,[104 101 108 108 111]
[2026-04-29 13:49:18] INFO  main.go:18 → server conn msg 1,[104 101 108 108 111]
[2026-04-29 13:49:19] INFO  main.go:18 → server conn msg 1,[104 101 108 108 111]
[2026-04-29 13:49:20] INFO  main.go:18 → server conn msg 1,[104 101 108 108 111]
[2026-04-29 13:49:21] INFO  main.go:18 → server conn msg 1,[104 101 108 108 111]
[2026-04-29 13:49:22] INFO  main.go:18 → server conn msg 1,[104 101 108 108 111]
[2026-04-29 14:03:10] INFO  main.go:25 → err:write channel is full
[2026-04-29 14:03:10] INFO  main.go:27 → a:10,b:20
[2026-04-29 14:06:35] INFO  main.go:27 → a:10,b:0
[2026-04-29 14:07:24] INFO  main.go:27 → a:10,b:0
[2026-04-29 14:09:40] INFO  main.go:27 → a:10,b:0
[2026-04-29 14:10:09] INFO  main.go:27 → a:10,b:10
[2026-04-29 14:10:40] INFO  main.go:27 → a:10,b:40
